// Jest Snapshot v1, https://goo.gl/fbAQLP

exports[`@repay/cactus-form should match snapshot of exports 1`] = `
Array [
  "ARRAY_ERROR",
  "DependentField",
  "FORM_ERROR",
  "Field",
  "FieldSpy",
  "Form",
  "FormSpy",
  "SubmitButton",
  "configOptions",
  "createForm",
  "fieldSubscriptionItems",
  "formSubscriptionItems",
  "useField",
  "useForm",
  "useFormState",
  "validateRequired",
  "withTypes",
]
`;
