// Jest Snapshot v1, https://goo.gl/fbAQLP

exports[`component: Select snapshot 1`] = `
<DocumentFragment>
  .c4 {
  vertical-align: middle;
  font-size: 8px;
}

.c2 {
  font-style: italic;
  color: hsl(200,9%,35%);
  font-size: 18px;
}

.c0 {
  position: relative;
  box-sizing: border-box;
  min-width: 194px;
  width: 100%;
  height: 32px;
  padding: 0 24px 0 16px;
  background-color: transparent;
  border-radius: 20px;
  border-width: 2px;
  border-style: solid;
  border-color: hsl(200,10%,20%);
  text-align: left;
  outline: none;
  -webkit-appearance: none;
  -moz-appearance: none;
  appearance: none;
  cursor: pointer;
}

.c0:disabled {
  border-color: hsl(0,0%,70%);
  color: hsl(0,0%,70%);
  cursor: not-allowed;
}

.c0:disabled .c1 {
  display: none;
}

.c0::-moz-focus-inner {
  border: 0;
}

.c0:focus,
.c0[aria-expanded] {
  border-color: hsl(200,96%,35%);
}

.c0:focus .c3,
.c0[aria-expanded] .c3 {
  color: hsl(200,96%,35%);
}

.c0[aria-expanded] .c3 {
  -webkit-transform: rotate3d(1,0,0,180deg);
  -ms-transform: rotate3d(1,0,0,180deg);
  transform: rotate3d(1,0,0,180deg);
}

.c0 .c3 {
  position: absolute;
  right: 14px;
  top: 10px;
}

<div
    class=""
  >
    <button
      aria-haspopup="listbox"
      class="c0"
      id="test-id"
      name="city"
      type="button"
    >
      <span
        class="c1 c2"
      >
        Select an option
      </span>
      <svg
        class="c3 c4"
        fill="currentcolor"
        height="1em"
        viewBox="0 0 24 24"
        width="1em"
      >
        <path
          d="M17.7071068,2.70710678 C18.0976311,2.31658249 18.0976311,1.68341751 17.7071068,1.29289322 C17.3165825,0.902368927 16.6834175,0.902368927 16.2928932,1.29289322 L6.29289322,11.2928932 C5.90236893,11.6834175 5.90236893,12.3165825 6.29289322,12.7071068 L16.2928932,22.7071068 C16.6834175,23.0976311 17.3165825,23.0976311 17.7071068,22.7071068 C18.0976311,22.3165825 18.0976311,21.6834175 17.7071068,21.2928932 L8.41421356,12 L17.7071068,2.70710678 Z"
          transform="rotate(-90 12 12)"
        />
      </svg>
    </button>
  </div>
</DocumentFragment>
`;
