// Jest Snapshot v1, https://goo.gl/fbAQLP

exports[`component: Table snapshot 1`] = `
.c1 {
  display: -webkit-box;
  display: -webkit-flex;
  display: -ms-flexbox;
  display: flex;
  -webkit-flex-direction: column;
  -ms-flex-direction: column;
  flex-direction: column;
}

.c1 tr {
  display: -webkit-box;
  display: -webkit-flex;
  display: -ms-flexbox;
  display: flex;
  border-color: hsl(200,96%,11%);
  background-color: hsl(200,96%,11%);
  border: 1px solid;
  text-transform: uppercase;
}

.c1 tr > th {
  color: white;
  font-weight: bold;
}

.c5 {
  display: -webkit-box;
  display: -webkit-flex;
  display: -ms-flexbox;
  display: flex;
  -webkit-flex-direction: column;
  -ms-flex-direction: column;
  flex-direction: column;
}

.c3 {
  max-width: 160px;
  -webkit-align-items: center;
  -webkit-box-align: center;
  -ms-flex-align: center;
  align-items: center;
  padding: 16px;
  color: hsl(200,10%,20%);
  font-size: 15px;
  font-weight: normal;
}

.c3 > svg {
  vertical-align: text-top;
  margin: 1px 10px;
}

.c2 {
  position: relative;
  outline: 0;
  display: -webkit-box;
  display: -webkit-flex;
  display: -ms-flexbox;
  display: flex;
  background-color: hsl(0,0%,100%);
  border: 1px solid;
  border-color: hsl(0,0%,100%);
}

.c2 small {
  color: hsl(200,10%,20%);
}

.c4 > .c2:nth-of-type(even) {
  background-color: hsl(200,29%,90%);
  border: 1px solid;
  border-color: hsl(200,29%,90%);
}

.c4 > .c2:last-of-type {
  border-radius: 0 0 8px 8px;
}

.c4 > .c2:hover {
  cursor: pointer;
  border: 1px solid;
  border-color: hsl(200,96%,35%);
}

.c4 > .c2:focus {
  background-color: hsla(200,96%,35%,0.25);
  border: 1px solid;
  border-color: hsl(200,96%,35%);
}

.c0 {
  display: -webkit-box;
  display: -webkit-flex;
  display: -ms-flexbox;
  display: flex;
  overflow-x: auto;
  white-space: nowrap;
  -webkit-box-pack: center;
  -webkit-justify-content: center;
  -ms-flex-pack: center;
  justify-content: center;
  -webkit-flex-direction: column;
  -ms-flex-direction: column;
  flex-direction: column;
  border-radius: 8px;
  border: 1px solid;
  border-color: hsl(200,29%,90%);
}

@media screen and (min-width:1024px) {
  .c3 {
    width: calc(160px * 0.7125);
  }
}

@media screen and (min-width:1200px) {
  .c3 {
    width: calc(160px * 0.875);
  }
}

@media screen and (min-width:1440px) {
  .c3 {
    width: 160px;
  }
}

<div>
  <table
    class="c0"
  >
    <thead
      class="c1"
    >
      <tr
        class="c2"
        tabindex="0"
      >
        <th
          align="left"
          class="c3"
        >
          Header Cell
        </th>
      </tr>
    </thead>
    <tbody
      class="c4 c5"
    >
      <tr
        class="c2"
        tabindex="0"
      >
        <td
          align="left"
          class="c3"
        >
          Data cell
        </td>
      </tr>
    </tbody>
  </table>
</div>
`;
