// Jest Snapshot v1, https://goo.gl/fbAQLP

exports[`Exports should match snapshot of exported icons 1`] = `
Array [
  "ActionsAdd",
  "ActionsCoachmarks",
  "ActionsDelete",
  "ActionsDownload",
  "ActionsEdit",
  "ActionsFilter",
  "ActionsGear",
  "ActionsKey",
  "ActionsPrint",
  "ActionsRedo",
  "ActionsRefresh",
  "ActionsRemove",
  "ActionsUpload",
  "BatchstatusInprogress",
  "BatchstatusOpen",
  "BatchstatusReconciled",
  "BatchstatusSettle",
  "DescriptiveAssistant",
  "DescriptiveAt",
  "DescriptiveBox",
  "DescriptiveCalendar",
  "DescriptiveCart",
  "DescriptiveChartBars",
  "DescriptiveChartPiechart",
  "DescriptiveChartPresentation",
  "DescriptiveClock",
  "DescriptiveCloud",
  "DescriptiveComment",
  "DescriptiveConnect",
  "DescriptiveDiscussions",
  "DescriptiveDocument1",
  "DescriptiveDocument2",
  "DescriptiveEnvelope",
  "DescriptiveFilter",
  "DescriptiveFolder",
  "DescriptiveHome",
  "DescriptiveInternet",
  "DescriptiveLocation",
  "DescriptiveLock",
  "DescriptiveProfile",
  "DescriptiveReceipt",
  "DescriptiveRuler",
  "DescriptiveSuitcase",
  "DescriptiveTray",
  "InterfaceCard",
  "InterfaceDesktop",
  "InterfaceLaptop",
  "InterfacePage",
  "InterfaceSms",
  "InterfaceTables",
  "MultimediaCall",
  "MultimediaCamera",
  "MultimediaVideocamera",
  "MultimediaVoice",
  "MultimediaVolumen",
  "NavigationChevronDown",
  "NavigationChevronLeft",
  "NavigationChevronNav",
  "NavigationChevronRight",
  "NavigationChevronUp",
  "NavigationClose",
  "NavigationLess",
  "NavigationLogoutBlack",
  "NavigationLogout",
  "NavigationMenuDots",
  "NavigationMenuLines",
  "NavigationMenu",
  "NavigationPlus",
  "NavigationSearch",
  "NotificationAlert",
  "NotificationError",
  "NotificationInfo",
  "NotificationNote",
  "NotificationNotification",
  "PaymentAmex",
  "PaymentBank",
  "PaymentBarcode",
  "PaymentBatch",
  "PaymentCardBack",
  "PaymentCash",
  "PaymentCashback",
  "PaymentCharge",
  "PaymentCredit",
  "PaymentCsc",
  "PaymentCvv",
  "PaymentDebit",
  "PaymentInvoice",
  "PaymentMaster",
  "PaymentPaybycard",
  "PaymentPayment",
  "PaymentRefund",
  "PaymentToken",
  "PaymentWallet",
  "StatusCheck",
  "StatusFollow",
  "StatusLike",
  "StatusMoney",
  "StatusRecomend",
  "StatusSpinner",
  "StatusStar",
  "StatusSun",
  "StatusTarget",
  "StatusThumbsdown",
  "StatusThumbsup",
  "StatusTrophy",
  "StatusUnfollow",
]
`;
