// Jest Snapshot v1, https://goo.gl/fbAQLP

exports[`Icon names should match the snapshot of icon names 1`] = `
Array [
  "Svg.d.ts",
  "Svg.js",
  "actions-add.d.ts",
  "actions-add.js",
  "actions-coachmarks.d.ts",
  "actions-coachmarks.js",
  "actions-delete.d.ts",
  "actions-delete.js",
  "actions-download.d.ts",
  "actions-download.js",
  "actions-edit.d.ts",
  "actions-edit.js",
  "actions-filter.d.ts",
  "actions-filter.js",
  "actions-gear.d.ts",
  "actions-gear.js",
  "actions-key.d.ts",
  "actions-key.js",
  "actions-print.d.ts",
  "actions-print.js",
  "actions-redo.d.ts",
  "actions-redo.js",
  "actions-refresh.d.ts",
  "actions-refresh.js",
  "actions-remove.d.ts",
  "actions-remove.js",
  "actions-upload.d.ts",
  "actions-upload.js",
  "batchstatus-inprogress.d.ts",
  "batchstatus-inprogress.js",
  "batchstatus-open.d.ts",
  "batchstatus-open.js",
  "batchstatus-reconciled.d.ts",
  "batchstatus-reconciled.js",
  "batchstatus-settle.d.ts",
  "batchstatus-settle.js",
  "descriptive-assistant.d.ts",
  "descriptive-assistant.js",
  "descriptive-at.d.ts",
  "descriptive-at.js",
  "descriptive-box.d.ts",
  "descriptive-box.js",
  "descriptive-calendar.d.ts",
  "descriptive-calendar.js",
  "descriptive-cart.d.ts",
  "descriptive-cart.js",
  "descriptive-chart-bars.d.ts",
  "descriptive-chart-bars.js",
  "descriptive-chart-piechart.d.ts",
  "descriptive-chart-piechart.js",
  "descriptive-chart-presentation.d.ts",
  "descriptive-chart-presentation.js",
  "descriptive-clock.d.ts",
  "descriptive-clock.js",
  "descriptive-cloud.d.ts",
  "descriptive-cloud.js",
  "descriptive-comment.d.ts",
  "descriptive-comment.js",
  "descriptive-connect.d.ts",
  "descriptive-connect.js",
  "descriptive-discussions.d.ts",
  "descriptive-discussions.js",
  "descriptive-document1.d.ts",
  "descriptive-document1.js",
  "descriptive-document2.d.ts",
  "descriptive-document2.js",
  "descriptive-envelope.d.ts",
  "descriptive-envelope.js",
  "descriptive-filter.d.ts",
  "descriptive-filter.js",
  "descriptive-folder.d.ts",
  "descriptive-folder.js",
  "descriptive-home.d.ts",
  "descriptive-home.js",
  "descriptive-internet.d.ts",
  "descriptive-internet.js",
  "descriptive-location.d.ts",
  "descriptive-location.js",
  "descriptive-lock.d.ts",
  "descriptive-lock.js",
  "descriptive-profile.d.ts",
  "descriptive-profile.js",
  "descriptive-receipt.d.ts",
  "descriptive-receipt.js",
  "descriptive-ruler.d.ts",
  "descriptive-ruler.js",
  "descriptive-suitcase.d.ts",
  "descriptive-suitcase.js",
  "descriptive-tray.d.ts",
  "descriptive-tray.js",
  "index.cjs.js",
  "index.cjs.js.map",
  "index.d.ts",
  "index.js",
  "interface-card.d.ts",
  "interface-card.js",
  "interface-desktop.d.ts",
  "interface-desktop.js",
  "interface-laptop.d.ts",
  "interface-laptop.js",
  "interface-page.d.ts",
  "interface-page.js",
  "interface-sms.d.ts",
  "interface-sms.js",
  "interface-tables.d.ts",
  "interface-tables.js",
  "multimedia-call.d.ts",
  "multimedia-call.js",
  "multimedia-camera.d.ts",
  "multimedia-camera.js",
  "multimedia-videocamera.d.ts",
  "multimedia-videocamera.js",
  "multimedia-voice.d.ts",
  "multimedia-voice.js",
  "multimedia-volumen.d.ts",
  "multimedia-volumen.js",
  "navigation-chevron-down.d.ts",
  "navigation-chevron-down.js",
  "navigation-chevron-left.d.ts",
  "navigation-chevron-left.js",
  "navigation-chevron-nav.d.ts",
  "navigation-chevron-nav.js",
  "navigation-chevron-right.d.ts",
  "navigation-chevron-right.js",
  "navigation-chevron-up.d.ts",
  "navigation-chevron-up.js",
  "navigation-close.d.ts",
  "navigation-close.js",
  "navigation-less.d.ts",
  "navigation-less.js",
  "navigation-logout.d.ts",
  "navigation-logout.js",
  "navigation-menu-dots.d.ts",
  "navigation-menu-dots.js",
  "navigation-menu-lines.d.ts",
  "navigation-menu-lines.js",
  "navigation-menu.d.ts",
  "navigation-menu.js",
  "navigation-plus.d.ts",
  "navigation-plus.js",
  "navigation-search.d.ts",
  "navigation-search.js",
  "notification-alert.d.ts",
  "notification-alert.js",
  "notification-error.d.ts",
  "notification-error.js",
  "notification-info.d.ts",
  "notification-info.js",
  "notification-note.d.ts",
  "notification-note.js",
  "notification-notification.d.ts",
  "notification-notification.js",
  "payment-amex.d.ts",
  "payment-amex.js",
  "payment-bank.d.ts",
  "payment-bank.js",
  "payment-barcode.d.ts",
  "payment-barcode.js",
  "payment-batch.d.ts",
  "payment-batch.js",
  "payment-card-back.d.ts",
  "payment-card-back.js",
  "payment-cash.d.ts",
  "payment-cash.js",
  "payment-cashback.d.ts",
  "payment-cashback.js",
  "payment-charge.d.ts",
  "payment-charge.js",
  "payment-credit.d.ts",
  "payment-credit.js",
  "payment-csc.d.ts",
  "payment-csc.js",
  "payment-cvv.d.ts",
  "payment-cvv.js",
  "payment-debit.d.ts",
  "payment-debit.js",
  "payment-invoice.d.ts",
  "payment-invoice.js",
  "payment-master.d.ts",
  "payment-master.js",
  "payment-paybycard.d.ts",
  "payment-paybycard.js",
  "payment-payment.d.ts",
  "payment-payment.js",
  "payment-refund.d.ts",
  "payment-refund.js",
  "payment-token.d.ts",
  "payment-token.js",
  "payment-wallet.d.ts",
  "payment-wallet.js",
  "status-check.d.ts",
  "status-check.js",
  "status-follow.d.ts",
  "status-follow.js",
  "status-like.d.ts",
  "status-like.js",
  "status-money.d.ts",
  "status-money.js",
  "status-recomend.d.ts",
  "status-recomend.js",
  "status-spinner.d.ts",
  "status-spinner.js",
  "status-star.d.ts",
  "status-star.js",
  "status-sun.d.ts",
  "status-sun.js",
  "status-target.d.ts",
  "status-target.js",
  "status-thumbsdown.d.ts",
  "status-thumbsdown.js",
  "status-thumbsup.d.ts",
  "status-thumbsup.js",
  "status-trophy.d.ts",
  "status-trophy.js",
  "status-unfollow.d.ts",
  "status-unfollow.js",
]
`;
