// Jest Snapshot v1, https://goo.gl/fbAQLP

exports[`Modal is closed when isOpen=false snapshot 1`] = `
<body>
  @media screen and (min-width:1024px) {

}

<div />
</body>
`;

exports[`Modal is open when isOpen=true snapshot 1`] = `
.c3 {
  vertical-align: middle;
}

.c2 {
  display: -webkit-inline-box;
  display: -webkit-inline-flex;
  display: -ms-inline-flexbox;
  display: inline-flex;
  box-sizing: border-box;
  -webkit-align-items: center;
  -webkit-box-align: center;
  -ms-flex-align: center;
  align-items: center;
  -webkit-box-pack: center;
  -webkit-justify-content: center;
  -ms-flex-pack: center;
  justify-content: center;
  padding: 1px;
  border: none;
  background: transparent;
  outline: none;
  cursor: pointer;
  position: relative;
  overflow: visible;
  color: hsl(200,96%,11%);
  font-size: 24px;
}

.c2::-moz-focus-inner {
  border: 0;
}

.c2:focus::after {
  content: '';
  display: block;
  position: absolute;
  height: calc(100% + 8px);
  width: calc(100% + 8px);
  border: 1px solid;
  border-radius: 8px;
  border-color: hsl(200,96%,35%);
  box-sizing: border-box;
}

.c2:hover {
  color: hsl(200,96%,35%);
}

.c0 {
  background: rgba(46,53,56,0.33);
  bottom: 0;
  display: -webkit-box;
  display: -webkit-flex;
  display: -ms-flexbox;
  display: flex;
  left: 0;
  overflow: auto;
  position: fixed;
  right: 0;
  top: 0;
  -webkit-align-items: center;
  -webkit-box-align: center;
  -ms-flex-align: center;
  align-items: center;
  z-index: 52;
}

.c0 > [data-reach-dialog-content] {
  -webkit-flex-basis: 100%;
  -ms-flex-preferred-size: 100%;
  flex-basis: 100%;
  width: 100%;
  border: 1px solid;
  border-radius: 8px;
  background: white;
  box-shadow: 0px 9px 24px hsla(200,96%,35%,0.3);
  margin: auto;
  max-width: 80%;
  outline: none;
  padding: 64px 24px 40px 24px;
  position: relative;
  border-color: hsl(200,96%,35%);
}

.c0 > [data-reach-dialog-content] .c1 {
  height: 16px;
  position: absolute;
  right: 24px;
  top: 24px;
  width: 16px;
  font-size: 16px;
}

@media screen and (min-width:1024px) {
  .c0 > [data-reach-dialog-content] {
    padding: 40px 88px;
    max-width: 30%;
  }

  .c0 > [data-reach-dialog-content] .c1 {
    height: 24px;
    position: absolute;
    right: 40px;
    top: 40px;
    width: 24px;
  }
}

<body>
  <div
    aria-hidden="true"
  />
  <reach-portal>
    <div
      data-focus-guard="true"
      style="width: 1px; height: 0px; padding: 0px; overflow: hidden; position: fixed; top: 1px; left: 1px;"
      tabindex="0"
    />
    <div
      data-focus-guard="true"
      style="width: 1px; height: 0px; padding: 0px; overflow: hidden; position: fixed; top: 1px; left: 1px;"
      tabindex="1"
    />
    <div
      data-focus-lock-disabled="false"
    >
      <div>
        <div
          aria-label="Modal Label"
          class="c0 "
          data-reach-dialog-overlay=""
          variant="action"
        >
          <div
            aria-label="Modal Label"
            aria-modal="true"
            data-reach-dialog-content=""
            role="dialog"
            tabindex="-1"
          >
            <button
              aria-label="Close Label"
              class="c1 c2"
              type="button"
              variant="standard"
            >
              <svg
                class="c3"
                fill="currentcolor"
                height="1em"
                viewBox="0 0 24 24"
                width="1em"
              >
                <path
                  d="M13.4142136,12 L22.7071068,21.2928932 C23.0976311,21.6834175 23.0976311,22.3165825 22.7071068,22.7071068 C22.3165825,23.0976311 21.6834175,23.0976311 21.2928932,22.7071068 L12,13.4142136 L2.70710678,22.7071068 C2.31658249,23.0976311 1.68341751,23.0976311 1.29289322,22.7071068 C0.902368927,22.3165825 0.902368927,21.6834175 1.29289322,21.2928932 L10.5857864,12 L1.29289322,2.70710678 C0.902368927,2.31658249 0.902368927,1.68341751 1.29289322,1.29289322 C1.68341751,0.902368927 2.31658249,0.902368927 2.70710678,1.29289322 L12,10.5857864 L21.2928932,1.29289322 C21.6834175,0.902368927 22.3165825,0.902368927 22.7071068,1.29289322 C23.0976311,1.68341751 23.0976311,2.31658249 22.7071068,2.70710678 L13.4142136,12 Z"
                />
              </svg>
            </button>
          </div>
        </div>
      </div>
    </div>
    <div
      data-focus-guard="true"
      style="width: 1px; height: 0px; padding: 0px; overflow: hidden; position: fixed; top: 1px; left: 1px;"
      tabindex="0"
    />
  </reach-portal>
</body>
`;
