// Jest Snapshot v1, https://goo.gl/fbAQLP

exports[`@repay/cactus-i18n should match snapshot of exports 1`] = `
Array [
  "default",
  "generateTheme",
  "isResponsiveTouchDevice",
  "borderSize",
  "border",
  "radius",
  "insetBorder",
  "mediaGTE",
  "mediaLT",
  "breakpoint",
  "color",
  "colorStyle",
  "space",
  "iconSize",
  "fontSize",
  "textStyle",
  "lineHeight",
  "boxShadow",
  "shadow",
]
`;
