// Jest Snapshot v1, https://goo.gl/fbAQLP

exports[`component: SelectField minimal snapshot 1`] = `
.c0 + .c0 {
  margin-top: 16px;
}

.c4 {
  font-size: 18px;
  line-height: 1.5;
  font-weight: 600;
  color: hsl(200,10%,20%);
}

.c11 {
  font-size: 8px;
  vertical-align: middle;
}

.c1 {
  position: relative;
}

.c1 .c3 {
  display: block;
  box-sizing: border-box;
  padding-left: 16px;
  padding-right: 28px;
}

.c1 .sc-fWWZrV {
  position: absolute;
  right: 8px;
  top: 2px;
  font-size: 16px;
}

.c1 .sc-cbeQSR {
  margin-top: 4px;
}

.c9 {
  font-style: italic;
  color: hsl(200,9%,35%);
  font-size: 18px;
}

.c7 {
  position: relative;
  box-sizing: border-box;
  min-width: 194px;
  width: 100%;
  height: 32px;
  padding: 0 24px 0 16px;
  background-color: transparent;
  border-radius: 8px;
  border-width: 1px;
  border-style: solid;
  border-color: hsl(200,9%,35%);
  text-align: left;
  outline: none;
  -webkit-appearance: none;
  -moz-appearance: none;
  appearance: none;
  cursor: pointer;
}

.c7:disabled {
  border-color: hsl(0,0%,70%);
  color: hsl(0,0%,70%);
  cursor: not-allowed;
}

.c7:disabled .c8 {
  color: hsl(0,0%,70%);
}

.c7::-moz-focus-inner {
  border: 0;
}

.c7:focus,
.c7[aria-expanded] {
  border-color: hsl(200,96%,35%);
}

.c7:focus .c10,
.c7[aria-expanded] .c10 {
  color: hsl(200,96%,35%);
}

.c7[aria-expanded] .c10 {
  -webkit-transform: rotate3d(1,0,0,180deg);
  -ms-transform: rotate3d(1,0,0,180deg);
  transform: rotate3d(1,0,0,180deg);
}

.c7 .c10 {
  position: absolute;
  right: 14px;
  top: 10px;
}

.c6 {
  max-width: 100%;
}

.c2 {
  position: relative;
}

.c2 .c5 {
  width: 100%;
}

@media screen and (min-width:1024px) {
  .c4 {
    font-size: 18px;
    line-height: 1.5;
  }
}

@media screen and (min-width:1024px) {
  .c9 {
    font-size: 18px;
  }
}

@media screen and (min-width:1024px) {

}

<div>
  <div
    class="c0 c1 c2"
  >
    <label
      class="c3 c4"
      for="prevent-random-id"
      id="prevent-random-id-label"
    >
      Requires a label
    </label>
    <div
      class="c5 c6"
    >
      <div
        tabindex="-1"
      >
        <button
          aria-haspopup="listbox"
          aria-labelledby="prevent-random-id-label"
          aria-multiselectable="false"
          class="c7"
          id="prevent-random-id"
          name="the-test-select-field"
          type="button"
        >
          <span
            class="c8 c9"
          >
            Select an option
          </span>
          <svg
            class="c10 c11"
            fill="currentcolor"
            height="1em"
            viewBox="0 0 24 24"
            width="1em"
          >
            <path
              d="M17.7071068,2.70710678 C18.0976311,2.31658249 18.0976311,1.68341751 17.7071068,1.29289322 C17.3165825,0.902368927 16.6834175,0.902368927 16.2928932,1.29289322 L6.29289322,11.2928932 C5.90236893,11.6834175 5.90236893,12.3165825 6.29289322,12.7071068 L16.2928932,22.7071068 C16.6834175,23.0976311 17.3165825,23.0976311 17.7071068,22.7071068 C18.0976311,22.3165825 18.0976311,21.6834175 17.7071068,21.2928932 L8.41421356,12 L17.7071068,2.70710678 Z"
              transform="rotate(-90 12 12)"
            />
          </svg>
        </button>
      </div>
    </div>
  </div>
</div>
`;
