// Jest Snapshot v1, https://goo.gl/fbAQLP

exports[`component: DataGrid snapshot 1`] = `
.c11 {
  vertical-align: middle;
}

.c16 {
  font-size: 8px;
  vertical-align: middle;
}

.c24 {
  vertical-align: middle;
}

.c25 {
  vertical-align: middle;
}

.c23 {
  vertical-align: middle;
}

.c26 {
  vertical-align: middle;
}

.c13 {
  box-sizing: border-box;
  -webkit-box-flex: 1;
  -webkit-flex-grow: 1;
  -ms-flex-positive: 1;
  flex-grow: 1;
  border: 1px solid;
  border-radius: 8px 1px 1px 8px;
  background-color: hsl(0,0%,100%);
  height: 32px;
  outline: none;
  font-size: 18px;
  line-height: 1.5;
  font-weight: 400;
  cursor: pointer;
  padding-left: 12px;
  padding-right: 12px;
  overflow: hidden;
  text-overflow: ellipsis;
  white-space: nowrap;
}

.c13 svg {
  margin-right: 4px;
  margin-bottom: 3px;
}

.c13::-moz-focus-inner {
  border: 0;
}

.c13.dd-closed {
  border-color: hsl(200,10%,20%);
}

.c13.dd-closed:hover,
.c13.dd-closed:focus {
  border-color: hsl(200,96%,35%);
}

.c13.dd-open {
  border-color: hsl(200,96%,35%);
}

.c18 {
  padding: 8px 0;
  outline: none;
  border-radius: 4px;
  box-shadow: 0px 3px 8px hsla(200,96%,35%,0.3);
  background-color: hsl(0,0%,100%);
  border: 0;
}

.c18 [data-reach-menu-item] {
  display: block;
  cursor: pointer;
  -webkit-text-decoration: none;
  text-decoration: none;
  overflow-wrap: break-word;
  font-size: 15px;
  line-height: 1.6;
  background-color: hsl(0,0%,100%);
  color: hsl(200,10%,20%);
  outline: none;
  padding: 4px 16px;
  text-align: center;
}

.c18 [data-reach-menu-item][data-selected] {
  background-color: hsl(200,96%,35%);
  color: hsl(0,0%,100%);
}

.c15 {
  box-sizing: border-box;
  background-color: hsl(200,10%,20%);
  height: 32px;
  width: 36px;
  border-radius: 1px 8px 8px 1px;
  margin-left: 1px;
  border: 0px;
  outline: none;
  cursor: pointer;
  -webkit-box-flex: 0;
  -webkit-flex-grow: 0;
  -ms-flex-positive: 0;
  flex-grow: 0;
  background-color: hsl(200,10%,20%);
  color: hsl(0,0%,100%);
}

.c15:hover,
.c15:focus {
  background-color: hsl(200,96%,35%);
  color: hsl(0,0%,100%);
}

.c15 .c10 {
  width: 10px;
  height: 10px;
  color: hsl(0,0%,100%);
}

.c12 {
  display: -webkit-inline-box;
  display: -webkit-inline-flex;
  display: -ms-inline-flexbox;
  display: inline-flex;
  max-width: 100%;
  position: relative;
}

.c12 .c14[aria-expanded='true'] .c10 {
  -webkit-transform: rotate3d(1,0,0,180deg);
  -ms-transform: rotate3d(1,0,0,180deg);
  transform: rotate3d(1,0,0,180deg);
}

.c17 {
  position: fixed;
  z-index: 1000;
}

.c20 {
  display: -webkit-box;
  display: -webkit-flex;
  display: -ms-flexbox;
  display: flex;
  -webkit-flex-wrap: nowrap;
  -ms-flex-wrap: nowrap;
  flex-wrap: nowrap;
  list-style: none;
  margin: 0;
  padding: 0;
}

.c21 {
  min-width: 15px;
  height: 24px;
  text-align: center;
  background: none;
  -webkit-appearance: none;
  -moz-appearance: none;
  appearance: none;
  padding: 2px 8px;
  display: block;
  box-sizing: content-box;
  border-left: 1px solid hsl(200,29%,90%);
}

.c21,
.c21:link {
  color: hsl(200,10%,20%);
  font-size: 15px;
  line-height: 18px;
  -webkit-text-decoration: none;
  text-decoration: none;
}

.c21:last-child {
  border-right: 1px solid hsl(200,29%,90%);
}

.c21 svg {
  width: 15px;
  height: 15px;
  vertical-align: middle;
}

.c22 {
  cursor: pointer;
  padding: 3px;
  vertical-align: middle;
  line-height: 18px;
  display: block;
  border-radius: 8px;
  -webkit-text-decoration: none;
  text-decoration: none;
  color: inherit;
  border: none;
  background-color: transparent;
  font: inherit;
}

.c22:visited {
  color: hsl(200,18%,45%);
}

.c22:hover {
  color: hsl(200,96%,35%);
}

.c22:active,
.c22:focus {
  padding: 3px;
  outline: none;
  background-color: hsl(200,96%,35%);
  color: hsl(0,0%,100%);
}

.c22::-moz-focus-inner {
  border: none;
}

.c22[disabled],
.c22[aria-disabled='true'] {
  color: hsl(0,0%,90%);
  background-color: transparent;
  cursor: default;
}

.c22[aria-current='page'] {
  background-color: hsl(200,96%,11%);
  color: hsl(0,0%,100%);
}

.c19 {
  display: -webkit-box;
  display: -webkit-flex;
  display: -ms-flexbox;
  display: flex;
  -webkit-flex-direction: column;
  -ms-flex-direction: column;
  flex-direction: column;
  -webkit-align-items: center;
  -webkit-box-align: center;
  -ms-flex-align: center;
  align-items: center;
  margin-top: 40px;
  padding: 0 16px;
}

.c3 {
  max-width: 100%;
  overflow-x: auto;
  margin: 0px 16px;
}

.c6 {
  text-align: left;
  padding: 16px;
  min-width: calc(160px * 0.7125);
}

.c5.c5.c5.c5.c5 th,
.c5.c5.c5.c5.c5 td {
  text-transform: uppercase;
  border: 1px solid hsl(200,96%,11%);
  background-color: hsl(200,96%,11%);
  color: hsl(0,0%,100%);
}

.c4 {
  color: hsl(200,10%,20%);
  display: table;
  font-size: 18px;
  line-height: 1.5;
  border-spacing: 0;
}

.c4 th {
  font-weight: 600;
}

.c4 td,
.c4 th {
  background-color: hsl(0,0%,100%);
  border-top: 1px solid transparent;
  border-bottom: 1px solid transparent;
}

.c4 td:first-child,
.c4 th:first-child {
  border-left: 1px solid hsl(200,29%,90%);
}

.c4 td:last-child,
.c4 th:last-child {
  border-right: 1px solid hsl(200,29%,90%);
}

.c4 tr:nth-of-type(even) td,
.c4 tr:nth-of-type(even) th {
  background-color: hsl(200,29%,90%);
}

.c4.c4.c4 tr:hover th,
.c4.c4.c4 tr:hover td {
  border-left-color: hsl(200,96%,35%);
  border-top-color: hsl(200,96%,35%);
  border-bottom-color: hsl(200,96%,35%);
}

.c4.c4.c4 tr:hover td:last-child {
  border-color: hsl(200,96%,35%);
}

.c4.c4.c4 tr:focus {
  outline: 0;
}

.c4.c4.c4 tr:focus th,
.c4.c4.c4 tr:focus td {
  border-left-color: hsl(200,96%,35%);
  border-top-color: hsl(200,96%,35%);
  border-bottom-color: hsl(200,96%,35%);
  background-color: hsla(200,96%,35%,0.3);
}

.c4.c4.c4 tr:focus td:last-child {
  border-color: hsl(200,96%,35%);
}

.c4 > tr:first-of-type th,
.c4 tbody > tr:first-child th,
.c4 thead > tr:first-child th,
.c4 > tr:first-of-type td,
.c4 tbody > tr:first-child td,
.c4 thead > tr:first-child td {
  border-top-color: hsl(200,29%,90%);
}

.c4 > tr:first-of-type th:first-child,
.c4 tbody > tr:first-child th:first-child,
.c4 thead > tr:first-child th:first-child,
.c4 > tr:first-of-type td:first-child,
.c4 tbody > tr:first-child td:first-child,
.c4 thead > tr:first-child td:first-child {
  border-top-left-radius: 4px;
}

.c4 > tr:first-of-type th:last-child,
.c4 tbody > tr:first-child th:last-child,
.c4 thead > tr:first-child th:last-child,
.c4 > tr:first-of-type td:last-child,
.c4 tbody > tr:first-child td:last-child,
.c4 thead > tr:first-child td:last-child {
  border-top-right-radius: 4px;
}

.c4.c4 > thead + tr:first-of-type th,
.c4.c4 > thead + tbody > tr:first-child th,
.c4.c4 > thead + tr:first-of-type td,
.c4.c4 > thead + tbody > tr:first-child td {
  border-top-color: transparent;
  border-top-left-radius: 0px;
  border-top-right-radius: 0px;
}

.c4 > tr:last-child th,
.c4 tbody:last-child > tr:last-child th,
.c4 thead:last-child > tr:last-child th,
.c4 tfoot:last-child > tr:last-child th,
.c4 > tr:last-child td,
.c4 tbody:last-child > tr:last-child td,
.c4 thead:last-child > tr:last-child td,
.c4 tfoot:last-child > tr:last-child td {
  border-bottom-color: hsl(200,29%,90%);
}

.c4 > tr:last-child th:first-child,
.c4 tbody:last-child > tr:last-child th:first-child,
.c4 thead:last-child > tr:last-child th:first-child,
.c4 tfoot:last-child > tr:last-child th:first-child,
.c4 > tr:last-child td:first-child,
.c4 tbody:last-child > tr:last-child td:first-child,
.c4 thead:last-child > tr:last-child td:first-child,
.c4 tfoot:last-child > tr:last-child td:first-child {
  border-bottom-left-radius: 4px;
}

.c4 > tr:last-child th:last-child,
.c4 tbody:last-child > tr:last-child th:last-child,
.c4 thead:last-child > tr:last-child th:last-child,
.c4 tfoot:last-child > tr:last-child th:last-child,
.c4 > tr:last-child td:last-child,
.c4 tbody:last-child > tr:last-child td:last-child,
.c4 thead:last-child > tr:last-child td:last-child,
.c4 tfoot:last-child > tr:last-child td:last-child {
  border-bottom-right-radius: 4px;
}

.c9 {
  -webkit-flex-shrink: 1;
  -ms-flex-negative: 1;
  flex-shrink: 1;
}

.c8 {
  -webkit-box-flex: 1;
  -webkit-flex-grow: 1;
  -ms-flex-positive: 1;
  flex-grow: 1;
}

.c7 {
  display: -webkit-box;
  display: -webkit-flex;
  display: -ms-flexbox;
  display: flex;
  -webkit-align-items: center;
  -webkit-box-align: center;
  -ms-flex-align: center;
  align-items: center;
  background: none;
  border: none;
  color: inherit;
  font-size: inherit;
  text-transform: inherit;
  font-weight: inherit;
  padding: 0;
  cursor: pointer;
  position: relative;
  overflow: visible;
}

.c7:focus {
  outline: none;
}

.c7:focus:after {
  content: '';
  box-sizing: border-box;
  position: absolute;
  height: calc(100% + 8px);
  width: calc(100% + 16px);
  bottom: -4px;
  right: -8px;
  border: 1px solid hsl(200,29%,90%);
  border-radius: 8px;
}

.c2 {
  display: -webkit-inline-box;
  display: inline-box;
}

.c2 span {
  margin-right: 8px;
}

.c2 .page-options-list {
  display: -webkit-inline-box;
  display: -webkit-inline-flex;
  display: -ms-inline-flexbox;
  display: inline-flex;
  -webkit-flex-wrap: nowrap;
  -ms-flex-wrap: nowrap;
  flex-wrap: nowrap;
  list-style: none;
  margin: 0;
  padding: 0;
}

.c2 .page-option {
  min-width: 15px;
  height: 24px;
  text-align: center;
  background: none;
  -webkit-appearance: none;
  -moz-appearance: none;
  appearance: none;
  padding: 2px 8px;
  display: block;
  border-left: 1px solid hsl(200,29%,90%);
}

.c2 .page-option:last-child {
  border-right: 1px solid hsl(200,29%,90%);
}

.c2 .page-option,
.c2 .page-option a {
  color: hsl(200,10%,20%);
  font-size: 15px;
  line-height: 18px;
  -webkit-text-decoration: none;
  text-decoration: none;
}

.c2 .page-option a {
  cursor: pointer;
  padding: 3px;
  vertical-align: middle;
  line-height: 18px;
  display: block;
  border-radius: 8px;
  -webkit-text-decoration: none;
  text-decoration: none;
  color: inherit;
}

.c2 .page-option a:hover {
  color: hsl(200,96%,35%);
}

.c2 .page-option a:active,
.c2 .page-option a:focus {
  padding: 3px;
  outline: none;
  background-color: hsl(200,96%,35%);
  color: hsl(0,0%,100%);
}

.c2 .page-option a[aria-selected='true'] {
  background-color: hsl(200,96%,11%);
  color: hsl(0,0%,100%);
}

.c1 {
  display: -webkit-box;
  display: -webkit-flex;
  display: -ms-flexbox;
  display: flex;
  -webkit-flex-direction: column;
  -ms-flex-direction: column;
  flex-direction: column;
  -webkit-align-items: center;
  -webkit-box-align: center;
  -ms-flex-align: center;
  align-items: center;
  padding: 0 16px;
}

.c1.has-content {
  margin-bottom: 40px;
}

.c0 {
  display: inline;
  -webkit-flex-direction: column;
  -ms-flex-direction: column;
  flex-direction: column;
  width: auto;
  overflow-x: auto;
}

.c0 th .c10 {
  margin-left: 8px;
}

.c0 .flip-chevron .c10 {
  -webkit-transform: rotate3d(1,0,0,180deg);
  -ms-transform: rotate3d(1,0,0,180deg);
  transform: rotate3d(1,0,0,180deg);
}

@media screen and (min-width:1024px) {
  .c13 {
    font-size: 18px;
    line-height: 1.5;
  }
}

@media screen and (min-width:1024px) {
  .c18 [data-reach-menu-item] {
    font-size: 15px;
    line-height: 1.6;
  }
}

@media screen and (min-width:1024px) {
  .c21,
  .c21:link {
    font-size: 15px;
  }
}

@media screen and (min-width:768px) {
  .c19 {
    -webkit-flex-direction: row;
    -ms-flex-direction: row;
    flex-direction: row;
    -webkit-box-pack: end;
    -webkit-justify-content: flex-end;
    -ms-flex-pack: end;
    justify-content: flex-end;
  }
}

@media screen and (min-width:1200px) {
  .c6 {
    min-width: calc(160px * 0.875);
  }
}

@media screen and (min-width:1440px) {
  .c6 {
    min-width: 160px;
  }
}

@media screen and (min-width:1024px) {
  .c4 {
    font-size: 18px;
    line-height: 1.5;
  }
}

@media screen and (min-width:1024px) {
  .c2 .page-option,
  .c2 .page-option a {
    font-size: 15px;
  }
}

@media screen and (min-width:768px) {
  .c1 {
    -webkit-flex-direction: row;
    -ms-flex-direction: row;
    flex-direction: row;
    -webkit-align-items: flex-start;
    -webkit-box-align: flex-start;
    -ms-flex-align: flex-start;
    align-items: flex-start;
    -webkit-box-pack: justify;
    -webkit-justify-content: space-between;
    -ms-flex-pack: justify;
    justify-content: space-between;
  }
}

@media screen and (min-width:768px) {
  .c0 {
    display: -webkit-inline-box;
    display: -webkit-inline-flex;
    display: -ms-inline-flexbox;
    display: inline-flex;
  }
}

<div>
  <div
    class="c0"
  >
    <div
      class="c1 top-section has-content"
    >
      <span>
        Showing 1 to 4 of 11
      </span>
      <div
        class="c2"
        style="margin-left: 16px;"
      >
        <span>
          View
        </span>
        <ol
          class="page-options-list"
        >
          <li
            class="page-option"
          >
            <a
              aria-label="View 4 rows per page"
              aria-selected="true"
              role="link"
            >
              4
            </a>
          </li>
          <li
            class="page-option"
          >
            <a
              aria-label="View 6 rows per page"
              aria-selected="false"
              role="link"
              tabindex="0"
            >
              6
            </a>
          </li>
          <li
            class="page-option"
          >
            <a
              aria-label="View 12 rows per page"
              aria-selected="false"
              role="link"
              tabindex="0"
            >
              12
            </a>
          </li>
        </ol>
      </div>
    </div>
    <div
      class="c3"
    >
      <table
        class="c4"
      >
        <thead
          class="c5"
        >
          <tr>
            <th
              class="c6 table-cell "
            >
              Name
            </th>
            <th
              aria-sort="descending"
              class="c6 table-cell "
            >
              <button
                class="c7"
                type="button"
              >
                <div
                  class="c8"
                >
                  Created
                </div>
                <div
                  aria-hidden="true"
                  class="c9"
                >
                  <svg
                    class="c10 c11"
                    fill="currentcolor"
                    height="1em"
                    viewBox="0 0 24 24"
                    width="1em"
                    xmlns="http://www.w3.org/2000/svg"
                  >
                    <path
                      d="M17.7071068,2.70710678 C18.0976311,2.31658249 18.0976311,1.68341751 17.7071068,1.29289322 C17.3165825,0.902368927 16.6834175,0.902368927 16.2928932,1.29289322 L6.29289322,11.2928932 C5.90236893,11.6834175 5.90236893,12.3165825 6.29289322,12.7071068 L16.2928932,22.7071068 C16.6834175,23.0976311 17.3165825,23.0976311 17.7071068,22.7071068 C18.0976311,22.3165825 18.0976311,21.6834175 17.7071068,21.2928932 L8.41421356,12 L17.7071068,2.70710678 Z"
                      transform="rotate(-90 12 12)"
                    />
                  </svg>
                </div>
              </button>
            </th>
            <th
              aria-sort="none"
              class="c6 table-cell "
            >
              <button
                class="c7"
                type="button"
              >
                <div
                  class="c8"
                >
                  Active
                </div>
                <div
                  aria-hidden="true"
                  class="c9"
                />
              </button>
            </th>
            <th
              class="c6"
            />
          </tr>
        </thead>
        <tbody>
          <tr
            tabindex="0"
          >
            <td
              class="c6"
            >
              Config 1
            </td>
            <td
              class="c6"
            >
              4/13/2020
            </td>
            <td
              class="c6"
            >
              <div>
                YES
              </div>
            </td>
            <td
              class="c6"
            >
              <div
                class="c12"
              >
                <button
                  class="c13 dd-closed"
                  type="button"
                >
                  Edit
                </button>
                <button
                  aria-controls="menu--1"
                  aria-haspopup="true"
                  aria-label="Action List"
                  class="c14 c15"
                  data-reach-menu-button=""
                  id="menu-button--menu--1"
                  type="button"
                  variant="standard"
                >
                  <svg
                    aria-hidden="true"
                    class="c10 c16"
                    fill="currentcolor"
                    height="1em"
                    viewBox="0 0 24 24"
                    width="1em"
                    xmlns="http://www.w3.org/2000/svg"
                  >
                    <path
                      d="M17.7071068,2.70710678 C18.0976311,2.31658249 18.0976311,1.68341751 17.7071068,1.29289322 C17.3165825,0.902368927 16.6834175,0.902368927 16.2928932,1.29289322 L6.29289322,11.2928932 C5.90236893,11.6834175 5.90236893,12.3165825 6.29289322,12.7071068 L16.2928932,22.7071068 C16.6834175,23.0976311 17.3165825,23.0976311 17.7071068,22.7071068 C18.0976311,22.3165825 18.0976311,21.6834175 17.7071068,21.2928932 L8.41421356,12 L17.7071068,2.70710678 Z"
                      transform="rotate(-90 12 12)"
                    />
                  </svg>
                </button>
                <div
                  class="c17"
                  data-reach-menu=""
                  data-reach-menu-popover=""
                  hidden=""
                >
                  <div
                    aria-labelledby="menu-button--menu--1"
                    class="c18"
                    data-reach-menu-items=""
                    id="menu--1"
                    role="menu"
                    tabindex="-1"
                    variant="standard"
                  >
                    <div
                      data-reach-menu-item=""
                      data-valuetext="Clone"
                      id="option-0--menu--1"
                      role="menuitem"
                      tabindex="-1"
                    >
                      Clone
                    </div>
                    <div
                      data-reach-menu-item=""
                      data-valuetext="Delete"
                      id="option-1--menu--1"
                      role="menuitem"
                      tabindex="-1"
                    >
                      Delete
                    </div>
                  </div>
                </div>
              </div>
            </td>
          </tr>
          <tr
            tabindex="0"
          >
            <td
              class="c6"
            >
              Config 2
            </td>
            <td
              class="c6"
            >
              5/25/2019
            </td>
            <td
              class="c6"
            >
              <div>
                YES
              </div>
            </td>
            <td
              class="c6"
            >
              <div
                class="c12"
              >
                <button
                  class="c13 dd-closed"
                  type="button"
                >
                  Edit
                </button>
                <button
                  aria-controls="menu--2"
                  aria-haspopup="true"
                  aria-label="Action List"
                  class="c14 c15"
                  data-reach-menu-button=""
                  id="menu-button--menu--2"
                  type="button"
                  variant="standard"
                >
                  <svg
                    aria-hidden="true"
                    class="c10 c16"
                    fill="currentcolor"
                    height="1em"
                    viewBox="0 0 24 24"
                    width="1em"
                    xmlns="http://www.w3.org/2000/svg"
                  >
                    <path
                      d="M17.7071068,2.70710678 C18.0976311,2.31658249 18.0976311,1.68341751 17.7071068,1.29289322 C17.3165825,0.902368927 16.6834175,0.902368927 16.2928932,1.29289322 L6.29289322,11.2928932 C5.90236893,11.6834175 5.90236893,12.3165825 6.29289322,12.7071068 L16.2928932,22.7071068 C16.6834175,23.0976311 17.3165825,23.0976311 17.7071068,22.7071068 C18.0976311,22.3165825 18.0976311,21.6834175 17.7071068,21.2928932 L8.41421356,12 L17.7071068,2.70710678 Z"
                      transform="rotate(-90 12 12)"
                    />
                  </svg>
                </button>
                <div
                  class="c17"
                  data-reach-menu=""
                  data-reach-menu-popover=""
                  hidden=""
                >
                  <div
                    aria-labelledby="menu-button--menu--2"
                    class="c18"
                    data-reach-menu-items=""
                    id="menu--2"
                    role="menu"
                    tabindex="-1"
                    variant="standard"
                  >
                    <div
                      data-reach-menu-item=""
                      data-valuetext="Clone"
                      id="option-0--menu--2"
                      role="menuitem"
                      tabindex="-1"
                    >
                      Clone
                    </div>
                    <div
                      data-reach-menu-item=""
                      data-valuetext="Delete"
                      id="option-1--menu--2"
                      role="menuitem"
                      tabindex="-1"
                    >
                      Delete
                    </div>
                  </div>
                </div>
              </div>
            </td>
          </tr>
          <tr
            tabindex="0"
          >
            <td
              class="c6"
            >
              Config 3
            </td>
            <td
              class="c6"
            >
              8/16/2019
            </td>
            <td
              class="c6"
            >
              <div>
                NO
              </div>
            </td>
            <td
              class="c6"
            >
              <div
                class="c12"
              >
                <button
                  class="c13 dd-closed"
                  type="button"
                >
                  Edit
                </button>
                <button
                  aria-controls="menu--3"
                  aria-haspopup="true"
                  aria-label="Action List"
                  class="c14 c15"
                  data-reach-menu-button=""
                  id="menu-button--menu--3"
                  type="button"
                  variant="standard"
                >
                  <svg
                    aria-hidden="true"
                    class="c10 c16"
                    fill="currentcolor"
                    height="1em"
                    viewBox="0 0 24 24"
                    width="1em"
                    xmlns="http://www.w3.org/2000/svg"
                  >
                    <path
                      d="M17.7071068,2.70710678 C18.0976311,2.31658249 18.0976311,1.68341751 17.7071068,1.29289322 C17.3165825,0.902368927 16.6834175,0.902368927 16.2928932,1.29289322 L6.29289322,11.2928932 C5.90236893,11.6834175 5.90236893,12.3165825 6.29289322,12.7071068 L16.2928932,22.7071068 C16.6834175,23.0976311 17.3165825,23.0976311 17.7071068,22.7071068 C18.0976311,22.3165825 18.0976311,21.6834175 17.7071068,21.2928932 L8.41421356,12 L17.7071068,2.70710678 Z"
                      transform="rotate(-90 12 12)"
                    />
                  </svg>
                </button>
                <div
                  class="c17"
                  data-reach-menu=""
                  data-reach-menu-popover=""
                  hidden=""
                >
                  <div
                    aria-labelledby="menu-button--menu--3"
                    class="c18"
                    data-reach-menu-items=""
                    id="menu--3"
                    role="menu"
                    tabindex="-1"
                    variant="standard"
                  >
                    <div
                      data-reach-menu-item=""
                      data-valuetext="Clone"
                      id="option-0--menu--3"
                      role="menuitem"
                      tabindex="-1"
                    >
                      Clone
                    </div>
                    <div
                      data-reach-menu-item=""
                      data-valuetext="Delete"
                      id="option-1--menu--3"
                      role="menuitem"
                      tabindex="-1"
                    >
                      Delete
                    </div>
                  </div>
                </div>
              </div>
            </td>
          </tr>
          <tr
            tabindex="0"
          >
            <td
              class="c6"
            >
              Config 4
            </td>
            <td
              class="c6"
            >
              2/20/2019
            </td>
            <td
              class="c6"
            >
              <div>
                YES
              </div>
            </td>
            <td
              class="c6"
            >
              <div
                class="c12"
              >
                <button
                  class="c13 dd-closed"
                  type="button"
                >
                  Edit
                </button>
                <button
                  aria-controls="menu--4"
                  aria-haspopup="true"
                  aria-label="Action List"
                  class="c14 c15"
                  data-reach-menu-button=""
                  id="menu-button--menu--4"
                  type="button"
                  variant="standard"
                >
                  <svg
                    aria-hidden="true"
                    class="c10 c16"
                    fill="currentcolor"
                    height="1em"
                    viewBox="0 0 24 24"
                    width="1em"
                    xmlns="http://www.w3.org/2000/svg"
                  >
                    <path
                      d="M17.7071068,2.70710678 C18.0976311,2.31658249 18.0976311,1.68341751 17.7071068,1.29289322 C17.3165825,0.902368927 16.6834175,0.902368927 16.2928932,1.29289322 L6.29289322,11.2928932 C5.90236893,11.6834175 5.90236893,12.3165825 6.29289322,12.7071068 L16.2928932,22.7071068 C16.6834175,23.0976311 17.3165825,23.0976311 17.7071068,22.7071068 C18.0976311,22.3165825 18.0976311,21.6834175 17.7071068,21.2928932 L8.41421356,12 L17.7071068,2.70710678 Z"
                      transform="rotate(-90 12 12)"
                    />
                  </svg>
                </button>
                <div
                  class="c17"
                  data-reach-menu=""
                  data-reach-menu-popover=""
                  hidden=""
                >
                  <div
                    aria-labelledby="menu-button--menu--4"
                    class="c18"
                    data-reach-menu-items=""
                    id="menu--4"
                    role="menu"
                    tabindex="-1"
                    variant="standard"
                  >
                    <div
                      data-reach-menu-item=""
                      data-valuetext="Clone"
                      id="option-0--menu--4"
                      role="menuitem"
                      tabindex="-1"
                    >
                      Clone
                    </div>
                    <div
                      data-reach-menu-item=""
                      data-valuetext="Delete"
                      id="option-1--menu--4"
                      role="menuitem"
                      tabindex="-1"
                    >
                      Delete
                    </div>
                  </div>
                </div>
              </div>
            </td>
          </tr>
        </tbody>
      </table>
    </div>
    <div
      class="c19"
    >
      <nav
        aria-label="Pages"
        class=""
      >
        <ol
          class="c20"
          role="list"
        >
          <li
            class="c21"
          >
            <a
              aria-disabled="true"
              aria-label="Go to page 1"
              class="c22"
              role="link"
            >
              <svg
                class="c23"
                fill="currentcolor"
                height="1em"
                viewBox="0 0 24 24"
                width="1em"
                xmlns="http://www.w3.org/2000/svg"
              >
                <path
                  d="M4 2C4 1.44772 3.55228 1 3 1C2.44772 1 2 1.44772 2 2V22C2 22.5523 2.44771 23 3 23C3.55228 23 4 22.5523 4 22L4 2ZM20.2929 1.29289C20.6834 0.902369 21.3166 0.902369 21.7071 1.29289C22.0976 1.68342 22.0976 2.31658 21.7071 2.70711L12.4142 12L21.7071 21.2929C22.0976 21.6834 22.0976 22.3166 21.7071 22.7071C21.3166 23.0976 20.6834 23.0976 20.2929 22.7071L10.2929 12.7071C9.90237 12.3166 9.90237 11.6834 10.2929 11.2929L20.2929 1.29289Z"
                />
              </svg>
            </a>
          </li>
          <li
            class="c21"
          >
            <a
              aria-disabled="true"
              aria-label="Go to previous page, 0"
              class="c22"
              rel="prev"
              role="link"
            >
              <svg
                class="c24"
                fill="currentcolor"
                height="1em"
                viewBox="0 0 24 24"
                width="1em"
                xmlns="http://www.w3.org/2000/svg"
              >
                <path
                  d="M17.7071068,2.70710678 C18.0976311,2.31658249 18.0976311,1.68341751 17.7071068,1.29289322 C17.3165825,0.902368927 16.6834175,0.902368927 16.2928932,1.29289322 L6.29289322,11.2928932 C5.90236893,11.6834175 5.90236893,12.3165825 6.29289322,12.7071068 L16.2928932,22.7071068 C16.6834175,23.0976311 17.3165825,23.0976311 17.7071068,22.7071068 C18.0976311,22.3165825 18.0976311,21.6834175 17.7071068,21.2928932 L8.41421356,12 L17.7071068,2.70710678 Z"
                />
              </svg>
            </a>
          </li>
          <li
            class="c21"
          >
            <a
              aria-current="page"
              aria-disabled="true"
              aria-label="Current page, 1"
              class="c22"
              role="link"
            >
              1
            </a>
          </li>
          <li
            class="c21"
          >
            <a
              aria-label="Go to page 2"
              class="c22"
              role="link"
              tabindex="0"
            >
              2
            </a>
          </li>
          <li
            class="c21"
          >
            <a
              aria-label="Go to page 3"
              class="c22"
              role="link"
              tabindex="0"
            >
              3
            </a>
          </li>
          <li
            class="c21"
          >
            <a
              aria-label="Go to next page, 2"
              class="c22"
              rel="next"
              role="link"
              tabindex="0"
            >
              <svg
                class="c25"
                fill="currentcolor"
                height="1em"
                viewBox="0 0 24 24"
                width="1em"
                xmlns="http://www.w3.org/2000/svg"
              >
                <path
                  d="M17.7071068,2.70710678 C18.0976311,2.31658249 18.0976311,1.68341751 17.7071068,1.29289322 C17.3165825,0.902368927 16.6834175,0.902368927 16.2928932,1.29289322 L6.29289322,11.2928932 C5.90236893,11.6834175 5.90236893,12.3165825 6.29289322,12.7071068 L16.2928932,22.7071068 C16.6834175,23.0976311 17.3165825,23.0976311 17.7071068,22.7071068 C18.0976311,22.3165825 18.0976311,21.6834175 17.7071068,21.2928932 L8.41421356,12 L17.7071068,2.70710678 Z"
                  transform="matrix(-1 0 0 1 24 0)"
                />
              </svg>
            </a>
          </li>
          <li
            class="c21"
          >
            <a
              aria-label="Go to last page, 3"
              class="c22"
              role="link"
              tabindex="0"
            >
              <svg
                class="c26"
                fill="currentcolor"
                height="1em"
                viewBox="0 0 24 24"
                width="1em"
                xmlns="http://www.w3.org/2000/svg"
              >
                <path
                  d="M22 2C22 1.44772 21.5523 1 21 1C20.4477 1 20 1.44772 20 2L20 22C20 22.5523 20.4477 23 21 23C21.5523 23 22 22.5523 22 22L22 2ZM2.29289 1.29289C1.90237 1.68342 1.90237 2.31658 2.29289 2.70711L11.5858 12L2.29289 21.2929C1.90237 21.6834 1.90237 22.3166 2.29289 22.7071C2.68342 23.0976 3.31658 23.0976 3.70711 22.7071L13.7071 12.7071C14.0976 12.3166 14.0976 11.6834 13.7071 11.2929L3.70711 1.29289C3.31658 0.902369 2.68342 0.902369 2.29289 1.29289Z"
                />
              </svg>
            </a>
          </li>
        </ol>
      </nav>
    </div>
  </div>
</div>
`;
