// Jest Snapshot v1, https://goo.gl/fbAQLP

exports[`@repay/cactus-i18n should match snapshot of exports 1`] = `
Array [
  "default",
  "I18nSection",
  "I18nElement",
  "I18nFormatted",
  "I18nResource",
  "I18nText",
  "useI18nText",
  "useI18nResource",
  "I18nContext",
  "BaseI18nController",
  "BundleInfo",
]
`;
