// Jest Snapshot v1, https://goo.gl/fbAQLP

exports[`library exports should match previous exported names 1`] = `
Array [
  "AccessibleField",
  "useAccessibleField",
  "Accordion",
  "Alert",
  "Avatar",
  "Box",
  "Breadcrumb",
  "Button",
  "Card",
  "CheckBox",
  "CheckBoxField",
  "ConfirmModal",
  "DataGrid",
  "DateInput",
  "DateInputField",
  "Grid",
  "StatusMessage",
  "useId",
  "FieldWrapper",
  "FileInput",
  "FileInputField",
  "Flex",
  "Footer",
  "IconButton",
  "Label",
  "Link",
  "MenuBar",
  "MenuButton",
  "Modal",
  "Pagination",
  "PrevNext",
  "RadioButton",
  "RadioButtonField",
  "ScreenSizeContext",
  "ScreenSizeProvider",
  "SIZES",
  "Select",
  "SelectField",
  "Spinner",
  "SplitButton",
  "StepAvatar",
  "StyleProvider",
  "Table",
  "Tag",
  "Text",
  "Span",
  "TextArea",
  "TextAreaField",
  "TextButton",
  "TextInput",
  "TextInputField",
  "Toggle",
  "ToggleField",
  "Tooltip",
]
`;
