// Jest Snapshot v1, https://goo.gl/fbAQLP

exports[`library exports should match previous exported names 1`] = `
Array [
  "Button",
  "Box",
  "CheckBox",
  "CheckBoxField",
  "Flex",
  "IconButton",
  "Label",
  "Link",
  "RadioButton",
  "RadioButtonField",
  "TextArea",
  "TextAreaField",
  "TextButton",
  "TextInput",
  "TextInputField",
  "Toggle",
  "ToggleField",
  "Tooltip",
  "Select",
  "SelectField",
  "Spinner",
  "StyleProvider",
  "useId",
  "Card",
]
`;
